[html.physcode.com/travel/demo-main/index.html]
[html.physcode.com/travel/demo-main/assets/css/tailwind83a7.css]
[html.physcode.com/travel/demo-main/assets/css/style83a7.css]
[code.iconify.design/3/3.1.1/iconify.min.js]
[cdn.jsdelivr.net/npm/swiper@11/swiper-bundle.min.css]
[cdn.jsdelivr.net/npm/swiper@11/swiper-bundle.min.js]
[cdn.jsdelivr.net/npm/masonry-layout@4/dist/masonry.pkgd.min.js]
[cdn.jsdelivr.net/npm/@fancyapps/ui@5.0/dist/fancybox/fancybox.css]
[cdn.jsdelivr.net/npm/@fancyapps/ui@5.0/dist/fancybox/fancybox.umd.js]
[cdnjs.cloudflare.com/ajax/libs/noUiSlider/15.8.1/nouislider.min.css]
[code.jquery.com/jquery-3.6.0.min.js]
[cdn.jsdelivr.net/momentjs/latest/moment.min.js]
[cdn.jsdelivr.net/npm/daterangepicker/daterangepicker.css]
[cdn.jsdelivr.net/npm/daterangepicker/daterangepicker.min.js]
[backblue.gif]
[fade.gif]
[index.html]
[html.physcode.com/travel/demo-main/assets/images/logo.png]
[html.physcode.com/travel/demo-main/tours.html]
[html.physcode.com/travel/demo-main/tours-details-style-01.html]
[html.physcode.com/travel/demo-main/tours-details-style-02.html]
[html.physcode.com/travel/demo-main/deals.html]
[html.physcode.com/travel/demo-main/destinations.html]
[html.physcode.com/travel/demo-main/tour-destination.html]
[html.physcode.com/travel/demo-main/trip-ideas.html]
[html.physcode.com/travel/demo-main/careers.html]
[html.physcode.com/travel/demo-main/blogs.html]
[html.physcode.com/travel/demo-main/shop.html]
[html.physcode.com/travel/demo-main/about-us.html]
[html.physcode.com/travel/demo-main/contact-us.html]
[html.physcode.com/travel/demo-main/faqs.html]
[html.physcode.com/travel/demo-main/gallery.html]
[html.physcode.com/travel/demo-main/travel-tips.html]
[html.physcode.com/travel/demo-main/my-account.html]
[html.physcode.com/travel/demo-main/cart.html]
[html.physcode.com/travel/demo-main/checkout.html]
[html.physcode.com/travel/demo-main/terms-and-conditions.html]
[html.physcode.com/travel/demo-main/shop-details.html]
[html.physcode.com/travel/demo-main/assets/images/shop/shop-cart-01.png]
[html.physcode.com/travel/demo-main/assets/images/shop/shop-cart-02.png]
[html.physcode.com/travel/demo-main/assets/images/shop/shop-cart-03.png]
[html.physcode.com/travel/demo-main/assets/images/hero-banner.png]
[html.physcode.com/travel/demo-main/assets/images/features-01.svg]
[html.physcode.com/travel/demo-main/assets/images/features-02.svg]
[html.physcode.com/travel/demo-main/assets/images/features-03.svg]
[html.physcode.com/travel/demo-main/assets/images/features-04.svg]
[html.physcode.com/travel/demo-main/assets/images/top-destination/01.png]
[html.physcode.com/travel/demo-main/assets/images/top-destination/02.png]
[html.physcode.com/travel/demo-main/assets/images/top-destination/03.png]
[html.physcode.com/travel/demo-main/assets/images/top-destination/04.png]
[html.physcode.com/travel/demo-main/assets/images/inspire-01.png]
[html.physcode.com/travel/demo-main/assets/images/inspire-02.png]
[html.physcode.com/travel/demo-main/assets/images/tours/01.png]
[html.physcode.com/travel/demo-main/assets/images/tours/02.png]
[html.physcode.com/travel/demo-main/assets/images/tours/03.png]
[html.physcode.com/travel/demo-main/assets/images/tours/04.png]
[html.physcode.com/travel/demo-main/assets/images/tours/05.png]
[html.physcode.com/travel/demo-main/assets/images/tours/06.png]
[html.physcode.com/travel/demo-main/assets/images/tours/07.png]
[html.physcode.com/travel/demo-main/assets/images/tours/08.png]
[html.physcode.com/travel/demo-main/assets/images/subscribe-bg.png]
[html.physcode.com/travel/demo-main/assets/images/list-gallery/01.png]
[html.physcode.com/travel/demo-main/assets/images/list-gallery/02.png]
[html.physcode.com/travel/demo-main/assets/images/list-gallery/03.png]
[html.physcode.com/travel/demo-main/assets/images/list-gallery/04.png]
[html.physcode.com/travel/demo-main/assets/images/list-gallery/05.png]
[html.physcode.com/travel/demo-main/assets/images/list-gallery/06.png]
[html.physcode.com/travel/demo-main/assets/images/list-gallery/07.png]
[html.physcode.com/travel/demo-main/assets/images/list-gallery/08.png]
[html.physcode.com/travel/demo-main/assets/images/list-gallery/09.png]
[html.physcode.com/travel/demo-main/assets/images/blogs/01.png]
[html.physcode.com/travel/demo-main/blogs-category.html]
[html.physcode.com/travel/demo-main/blogs-details.html]
[html.physcode.com/travel/demo-main/assets/images/blogs/02.png]
[html.physcode.com/travel/demo-main/assets/images/blogs/03.png]
[html.physcode.com/travel/demo-main/assets/images/blogs/04.png]
[html.physcode.com/travel/demo-main/assets/images/blogs/05.png]
[html.physcode.com/travel/demo-main/assets/images/blogs/06.png]
[html.physcode.com/travel/demo-main/assets/images/logo-footer.png]
[html.physcode.com/travel/demo-main/assets/images/visa.png]
[html.physcode.com/cdn-cgi/scripts/5c5dd728/cloudflare-static/email-decode.min.js]
[cdnjs.cloudflare.com/ajax/libs/noUiSlider/15.8.1/nouislider.min.js]
[html.physcode.com/travel/demo-main/index.html]
[html.physcode.com/travel/demo-main/assets/js/main.min83a7.js]
[html.physcode.com/travel/demo-main/assets/images/curve.png]
[html.physcode.com/travel/demo-main/assets/css/tailwind83a7.css]
[html.physcode.com/travel/demo-main/assets/css/style83a7.css]
[cdn.jsdelivr.net/npm/swiper@11/swiper-bundle.min.css]
[cdn.jsdelivr.net/npm/@fancyapps/ui@5.0/dist/fancybox/fancybox.css]
[cdnjs.cloudflare.com/ajax/libs/noUiSlider/15.8.1/nouislider.min.css]
[cdn.jsdelivr.net/npm/daterangepicker/daterangepicker.css]
[html.physcode.com/travel/demo-main/assets/images/tours/09.png]
[html.physcode.com/travel/demo-main/assets/images/tours/10.png]
[html.physcode.com/travel/demo-main/assets/images/tours/11.png]
[html.physcode.com/travel/demo-main/assets/images/tours/12.png]
[html.physcode.com/travel/demo-main/tours4658.html]
[html.physcode.com/travel/demo-main/tours.html]
[html.physcode.com/travel/demo-main/tours1448.html]
[html.physcode.com/travel/demo-main/assets/images/tours/details-05.png]
[html.physcode.com/travel/demo-main/assets/images/tours/details-06.png]
[html.physcode.com/travel/demo-main/assets/images/tours/details-07.png]
[html.physcode.com/travel/demo-main/tours-details-style-01.html]
[html.physcode.com/travel/demo-main/assets/images/tours/details-main-01.png]
[html.physcode.com/travel/demo-main/assets/images/tours/details-main-02.png]
[html.physcode.com/travel/demo-main/assets/images/tours/details-main-03.png]
[html.physcode.com/travel/demo-main/assets/images/tours/details-main-04.png]
[html.physcode.com/travel/demo-main/assets/images/tours/details-thumb-01.png]
[html.physcode.com/travel/demo-main/assets/images/tours/details-thumb-02.png]
[html.physcode.com/travel/demo-main/assets/images/tours/details-thumb-03.png]
[html.physcode.com/travel/demo-main/assets/images/tours/details-thumb-04.png]
[html.physcode.com/travel/demo-main/assets/images/tours/hightlight-tour-01.png]
[html.physcode.com/travel/demo-main/assets/images/tours/hightlight-tour-02.png]
[html.physcode.com/travel/demo-main/assets/images/tours/hightlight-tour-03.png]
[html.physcode.com/travel/demo-main/assets/images/tours/hightlight-tour-04.png]
[html.physcode.com/travel/demo-main/tours-details-style-02.html]
[html.physcode.com/travel/demo-main/deals4658.html]
[html.physcode.com/travel/demo-main/deals.html]
[html.physcode.com/travel/demo-main/deals1448.html]
[html.physcode.com/travel/demo-main/assets/images/top-destination/05.png]
[html.physcode.com/travel/demo-main/assets/images/top-destination/06.png]
[html.physcode.com/travel/demo-main/assets/images/top-destination/07.png]
[html.physcode.com/travel/demo-main/assets/images/top-destination/08.png]
[html.physcode.com/travel/demo-main/destinations4658.html]
[html.physcode.com/travel/demo-main/destinations.html]
[html.physcode.com/travel/demo-main/destinations1448.html]
[html.physcode.com/travel/demo-main/assets/images/destination-banner.png]
[html.physcode.com/travel/demo-main/assets/images/destination-01.png]
[html.physcode.com/travel/demo-main/assets/images/destination-02.png]
[html.physcode.com/travel/demo-main/assets/images/destination-03.png]
[html.physcode.com/travel/demo-main/assets/images/destination-04.png]
[html.physcode.com/travel/demo-main/assets/images/destination-05.png]
[html.physcode.com/travel/demo-main/tour-destination4658.html]
[html.physcode.com/travel/demo-main/tour-destination.html]
[html.physcode.com/travel/demo-main/tour-destination1448.html]
[html.physcode.com/travel/demo-main/assets/images/destination-06.png]
[html.physcode.com/travel/demo-main/assets/images/destination-07.png]
[html.physcode.com/travel/demo-main/assets/images/destination-central-04.png]
[html.physcode.com/travel/demo-main/assets/images/destination-central-05.png]
[html.physcode.com/travel/demo-main/assets/images/destination-central-06.png]
[html.physcode.com/travel/demo-main/assets/images/destination-08.png]
[html.physcode.com/travel/demo-main/trip-ideas.html]
[html.physcode.com/travel/demo-main/assets/images/careers-01.png]
[html.physcode.com/travel/demo-main/assets/images/careers-02.png]
[html.physcode.com/travel/demo-main/assets/images/careers-03.png]
[html.physcode.com/travel/demo-main/assets/images/careers-04.png]
[html.physcode.com/travel/demo-main/assets/images/popular-01.svg]
[html.physcode.com/travel/demo-main/assets/images/popular-02.svg]
[html.physcode.com/travel/demo-main/assets/images/popular-03.svg]
[html.physcode.com/travel/demo-main/assets/images/popular-04.svg]
[html.physcode.com/travel/demo-main/assets/images/popular-05.svg]
[html.physcode.com/travel/demo-main/assets/images/popular-06.svg]
[html.physcode.com/travel/demo-main/assets/images/popular-07.svg]
[html.physcode.com/travel/demo-main/assets/images/popular-08.svg]
[html.physcode.com/travel/demo-main/assets/images/list-masonry/01.png]
[html.physcode.com/travel/demo-main/assets/images/list-masonry/02.png]
[html.physcode.com/travel/demo-main/assets/images/list-masonry/03.png]
[html.physcode.com/travel/demo-main/assets/images/list-masonry/04.png]
[html.physcode.com/travel/demo-main/assets/images/list-masonry/07.png]
[html.physcode.com/travel/demo-main/assets/images/list-masonry/06.png]
[html.physcode.com/travel/demo-main/assets/images/list-masonry/05.png]
[html.physcode.com/travel/demo-main/assets/images/list-masonry/08.png]
[html.physcode.com/travel/demo-main/assets/images/list-masonry/10.png]
[html.physcode.com/travel/demo-main/assets/images/list-masonry/09.png]
[html.physcode.com/travel/images/curve.png]
[html.physcode.com/travel/demo-main/careers.html]
[html.physcode.com/travel/demo-main/assets/images/blogs/bg-01.png]
[html.physcode.com/travel/demo-main/assets/images/blogs/07.png]
[html.physcode.com/travel/demo-main/assets/images/blogs/08.png]
[html.physcode.com/travel/demo-main/assets/images/blogs/09.png]
[html.physcode.com/travel/demo-main/assets/images/blogs/10.png]
[html.physcode.com/travel/demo-main/assets/images/blogs/11.png]
[html.physcode.com/travel/demo-main/assets/images/blogs/12.png]
[html.physcode.com/travel/demo-main/assets/images/blogs/13.png]
[html.physcode.com/travel/demo-main/assets/images/blogs/14.png]
[html.physcode.com/travel/demo-main/assets/images/blogs/15.png]
[html.physcode.com/travel/demo-main/assets/images/blogs/16.png]
[html.physcode.com/travel/demo-main/assets/images/places-visit-01.png]
[html.physcode.com/travel/demo-main/assets/images/places-visit-02.png]
[html.physcode.com/travel/demo-main/blogs4658.html]
[html.physcode.com/travel/demo-main/blogs.html]
[html.physcode.com/travel/demo-main/blogs1448.html]
[html.physcode.com/travel/demo-main/assets/images/shop/01.jpg]
[html.physcode.com/travel/demo-main/assets/images/shop/02.jpg]
[html.physcode.com/travel/demo-main/assets/images/shop/03.jpg]
[html.physcode.com/travel/demo-main/assets/images/shop/04.jpg]
[html.physcode.com/travel/demo-main/assets/images/shop/05.jpg]
[html.physcode.com/travel/demo-main/assets/images/shop/06.jpg]
[html.physcode.com/travel/demo-main/assets/images/shop/07.jpg]
[html.physcode.com/travel/demo-main/assets/images/shop/08.jpg]
[html.physcode.com/travel/demo-main/assets/images/shop/09.jpg]
[html.physcode.com/travel/demo-main/shop4658.html]
[html.physcode.com/travel/demo-main/shop.html]
[html.physcode.com/travel/demo-main/shop1448.html]
[html.physcode.com/travel/demo-main/assets/images/about-us-bg.png]
[html.physcode.com/travel/demo-main/assets/images/our-vision.svg]
[html.physcode.com/travel/demo-main/assets/images/our-mission.svg]
[html.physcode.com/travel/demo-main/assets/images/dream-01.svg]
[html.physcode.com/travel/demo-main/assets/images/dream-02.svg]
[html.physcode.com/travel/demo-main/assets/images/dream-03.svg]
[html.physcode.com/travel/demo-main/assets/images/dream-04.svg]
[html.physcode.com/travel/demo-main/assets/images/about-us-enjoy.png]
[html.physcode.com/travel/demo-main/assets/images/list-gallery/10.png]
[html.physcode.com/travel/demo-main/assets/images/list-gallery/11.png]
[html.physcode.com/travel/demo-main/assets/images/list-gallery/12.png]
[html.physcode.com/travel/demo-main/assets/images/list-gallery/13.png]
[html.physcode.com/travel/demo-main/assets/images/list-gallery/14.png]
[html.physcode.com/travel/demo-main/assets/images/list-gallery/15.png]
[html.physcode.com/travel/demo-main/assets/images/email.svg]
[html.physcode.com/travel/demo-main/assets/images/phone.svg]
[html.physcode.com/travel/demo-main/assets/images/location.svg]
[html.physcode.com/travel/demo-main/assets/images/about-us-bg-form.png]
[html.physcode.com/travel/demo-main/about-us.html]
[html.physcode.com/travel/demo-main/contact-us.html]
[html.physcode.com/travel/demo-main/faqs.html]
[html.physcode.com/travel/demo-main/gallery.html]
[html.physcode.com/travel/demo-main/assets/images/travel-tips-01.png]
[html.physcode.com/travel/demo-main/assets/images/travel-tips-02.png]
[html.physcode.com/travel/demo-main/assets/images/travel-tips-03.png]
[html.physcode.com/travel/demo-main/travel-tips.html]
[html.physcode.com/travel/demo-main/my-account.html]
[html.physcode.com/travel/demo-main/cart.html]
[html.physcode.com/travel/demo-main/assets/images/visa-checkout.jpg]
[html.physcode.com/travel/demo-main/checkout.html]
[html.physcode.com/travel/demo-main/terms-and-conditions.html]
[html.physcode.com/travel/demo-main/assets/images/shop/details-main-01.jpg]
[html.physcode.com/travel/demo-main/assets/images/shop/details-main-02.jpg]
[html.physcode.com/travel/demo-main/assets/images/shop/details-main-03.jpg]
[html.physcode.com/travel/demo-main/assets/images/shop/details-thumb-01.jpg]
[html.physcode.com/travel/demo-main/assets/images/shop/details-thumb-02.jpg]
[html.physcode.com/travel/demo-main/assets/images/shop/details-thumb-03.jpg]
[html.physcode.com/travel/demo-main/shop-details.html]
[html.physcode.com/travel/demo-main/assets/images/features-01.svg]
[html.physcode.com/travel/demo-main/assets/images/features-02.svg]
[html.physcode.com/travel/demo-main/assets/images/features-03.svg]
[html.physcode.com/travel/demo-main/assets/images/features-04.svg]
[html.physcode.com/travel/demo-main/blogs-category4658.html]
[html.physcode.com/travel/demo-main/blogs-category.html]
[html.physcode.com/travel/demo-main/blogs-category1448.html]
[html.physcode.com/travel/demo-main/assets/images/blogs/author-01.png]
[html.physcode.com/travel/demo-main/assets/images/blogs/details-01.png]
[html.physcode.com/travel/demo-main/assets/images/blogs/details-02.png]
[html.physcode.com/travel/demo-main/assets/images/blogs/details-03.png]
[html.physcode.com/travel/demo-main/assets/images/blogs/author-02.png]
[html.physcode.com/travel/demo-main/assets/images/blogs/author-03.png]
[html.physcode.com/travel/demo-main/blogs-details.html]
[html.physcode.com/travel/demo-main/tours4658.html]
[html.physcode.com/travel/demo-main/tours1448.html]
[html.physcode.com/travel/demo-main/deals4658.html]
[html.physcode.com/travel/demo-main/deals1448.html]
[html.physcode.com/travel/demo-main/destinations4658.html]
[html.physcode.com/travel/demo-main/destinations1448.html]
[html.physcode.com/travel/demo-main/tour-destination4658.html]
[html.physcode.com/travel/demo-main/tour-destination1448.html]
[html.physcode.com/travel/demo-main/assets/images/popular-01.svg]
[html.physcode.com/travel/demo-main/assets/images/popular-02.svg]
[html.physcode.com/travel/demo-main/assets/images/popular-03.svg]
[html.physcode.com/travel/demo-main/assets/images/popular-04.svg]
[html.physcode.com/travel/demo-main/assets/images/popular-05.svg]
[html.physcode.com/travel/demo-main/assets/images/popular-06.svg]
[html.physcode.com/travel/demo-main/assets/images/popular-07.svg]
[html.physcode.com/travel/demo-main/assets/images/popular-08.svg]
[html.physcode.com/travel/images/curve.html]
[html.physcode.com/travel/demo-main/blogs4658.html]
[html.physcode.com/travel/demo-main/blogs1448.html]
[html.physcode.com/travel/demo-main/shop4658.html]
[html.physcode.com/travel/demo-main/shop1448.html]
[html.physcode.com/travel/demo-main/assets/images/our-vision.svg]
[html.physcode.com/travel/demo-main/assets/images/our-mission.svg]
[html.physcode.com/travel/demo-main/assets/images/dream-01.svg]
[html.physcode.com/travel/demo-main/assets/images/dream-02.svg]
[html.physcode.com/travel/demo-main/assets/images/dream-03.svg]
[html.physcode.com/travel/demo-main/assets/images/dream-04.svg]
[html.physcode.com/travel/demo-main/assets/images/email.svg]
[html.physcode.com/travel/demo-main/assets/images/phone.svg]
[html.physcode.com/travel/demo-main/assets/images/location.svg]
[html.physcode.com/travel/demo-main/blogs-category4658.html]
[html.physcode.com/travel/demo-main/blogs-category1448.html]
